Script started on Fri Jan 22 23:44:48 2021
[?1034hbash-4.2$ git init
Reinitialized existing Git repository in /home/u1/wzf0009/project1/.git/
bash-4.2$ git[K[K[Ktouch p[Kcpu.c
bash-4.2$ touch di[Kriver.c
bash-4.2$ topuch dil[K[K[Kf[K[K[K[K[K[Kou[K[Kuch files[K.c
bash-4.2$ git status
# On branch master
# Changes not staged for commit:
#   (use "git add/rm <file>..." to update what will be committed)
#   (use "git checkout -- <file>..." to discard changes in working directory)
#
#	deleted:    drivers.c
#
no changes added to commit (use "git add" and/or "git commit -a")
bash-4.2$ git add *.c
bash-4.2$ git status
# On branch master
# Changes not staged for commit:
#   (use "git add/rm <file>..." to update what will be committed)
#   (use "git checkout -- <file>..." to discard changes in working directory)
#
#	deleted:    drivers.c
#
no changes added to commit (use "git add" and/or "git commit -a")
bash-4.2$ git commit -m 'i[KInti[K[Kitial peo[K[Kroject 1'
# On branch master
# Changes not staged for commit:
#   (use "git add/rm <file>..." to update what will be committed)
#   (use "git checkout -- <file>..." to discard changes in working directory)
#
#	deleted:    drivers.c
#
no changes added to commit (use "git add" and/or "git commit -a")
bash-4.2$ git staus[K[Ktus
# On branch master
# Changes not staged for commit:
#   (use "git add/rm <file>..." to update what will be committed)
#   (use "git checkout -- <file>..." to discard changes in working directory)
#
#	deleted:    drivers.c
#
no changes added to commit (use "git add" and/or "git commit -a")
bash-4.2$ rm cpu.c
bash-4.2$ ;s[K[Kls
commands.script  file.c		 lspci.txt    simple.c
cpuinfo.txt	 git.script	 meminfo.txt  task3report.script
driver.c	 interrupts.txt  simple
bash-4.2$ git cje[K[Kh[K[Kh[Kchekc[K[Kc[Kckout cpus[K.c
bash-4.2$ git checkout -n[Kb master2
fatal: A branch named 'master2' already exists.
bash-4.2$ toucj[Kh cps[Ku2.c
bash-4.2$ tou[K[K[Kgit add co[Kpu2.c
bash-4.2$ f[Kgit add cpus[K2.c
bash-4.2$ got[K[Kit cp[Kommo[Kit -m 's[Kcpu2 is added into ,a[K[Kmasters[K 2'
[master 67b294a] cpu2 is added into master 2
 Committer: Wenzhuo Fan <wzf0009@tux246.eng.auburn.edu>
Your name and email address were configured automatically based
on your username and hostname. Please check that they are accurate.
You can suppress this message by setting them explicitly:

    git config --global user.name "Your Name"
    git config --global user.email you@example.com

After doing this, you may fix the identity used for this commit with:

    git commit --amend --reset-author

 1 file changed, 0 insertions(+), 0 deletions(-)
 create mode 100644 cpu2.c
bash-4.2$ git branch
* master
  master2
bash-4.2$ ls
commands.script  cpuinfo.txt  git.script      meminfo.txt  task3report.script
cpu.c		 driver.c     interrupts.txt  simple
cpu2.c		 file.c       lspci.txt       simple.c
bash-4.2$ cjhe[K[K[Khac[K[Keckout master
bash: checkout: command not found
bash-4.2$ git checkout ,a[K[Kmaster
D	drivers.c
Already on 'master'
bash-4.2$ ;[Kls
commands.script  cpuinfo.txt  git.script      meminfo.txt  task3report.script
cpu.c		 driver.c     interrupts.txt  simple
cpu2.c		 file.c       lspci.txt       simple.c
bash-4.2$ git clone -b master . ../mre[K[K[Kmre[K[K[Kmre[K[K[Knew_por[K[Krojecr[Kt1
Cloning into '../new_project1'...
done.
bash-4.2$ cd ..
bash-4.2$ ;s[K[Kls
Desktop  Documents  appdata  new_project1  ntuser.cmd  project1  xia  xia.tgz
bash-4.2$ cd new[Kw [K_pe[Kroject 1[K[K1
bash-4.2$ git ch[Klone[K[K[K[K[K[K[K[K[Kgit clone https://github.com/libgit2/libgit2
Cloning into 'libgit2'...
remote: Enumerating objects: 107280, done.[K
remote: Counting objects:   0% (1/107280)[Kremote: Counting objects:   1% (1073/107280)[Kremote: Counting objects:   2% (2146/107280)[Kremote: Counting objects:   3% (3219/107280)[Kremote: Counting objects:   4% (4292/107280)[Kremote: Counting objects:   5% (5364/107280)[Kremote: Counting objects:   6% (6437/107280)[Kremote: Counting objects:   7% (7510/107280)[Kremote: Counting objects:   8% (8583/107280)[Kremote: Counting objects:   9% (9656/107280)[Kremote: Counting objects:  10% (10728/107280)[Kremote: Counting objects:  11% (11801/107280)[Kremote: Counting objects:  12% (12874/107280)[Kremote: Counting objects:  13% (13947/107280)[Kremote: Counting objects:  14% (15020/107280)[Kremote: Counting objects:  15% (16092/107280)[Kremote: Counting objects:  16% (17165/107280)[Kremote: Counting objects:  17% (18238/107280)[Kremote: Counting objects:  18% (19311/107280)[Kremote: Counting objects:  19% (20384/107280)[Kremote: Counting objects:  20% (21456/107280)[Kremote: Counting objects:  21% (22529/107280)[Kremote: Counting objects:  22% (23602/107280)[Kremote: Counting objects:  23% (24675/107280)[Kremote: Counting objects:  24% (25748/107280)[Kremote: Counting objects:  25% (26820/107280)[Kremote: Counting objects:  26% (27893/107280)[Kremote: Counting objects:  27% (28966/107280)[Kremote: Counting objects:  28% (30039/107280)[Kremote: Counting objects:  29% (31112/107280)[Kremote: Counting objects:  30% (32184/107280)[Kremote: Counting objects:  31% (33257/107280)[Kremote: Counting objects:  32% (34330/107280)[Kremote: Counting objects:  33% (35403/107280)[Kremote: Counting objects:  34% (36476/107280)[Kremote: Counting objects:  35% (37548/107280)[Kremote: Counting objects:  36% (38621/107280)[Kremote: Counting objects:  37% (39694/107280)[Kremote: Counting objects:  38% (40767/107280)[Kremote: Counting objects:  39% (41840/107280)[Kremote: Counting objects:  40% (42912/107280)[Kremote: Counting objects:  41% (43985/107280)[Kremote: Counting objects:  42% (45058/107280)[Kremote: Counting objects:  43% (46131/107280)[Kremote: Counting objects:  44% (47204/107280)[Kremote: Counting objects:  45% (48276/107280)[Kremote: Counting objects:  46% (49349/107280)[Kremote: Counting objects:  47% (50422/107280)[Kremote: Counting objects:  48% (51495/107280)[Kremote: Counting objects:  49% (52568/107280)[Kremote: Counting objects:  50% (53640/107280)[Kremote: Counting objects:  51% (54713/107280)[Kremote: Counting objects:  52% (55786/107280)[Kremote: Counting objects:  53% (56859/107280)[Kremote: Counting objects:  54% (57932/107280)[Kremote: Counting objects:  55% (59004/107280)[Kremote: Counting objects:  56% (60077/107280)[Kremote: Counting objects:  57% (61150/107280)[Kremote: Counting objects:  58% (62223/107280)[Kremote: Counting objects:  59% (63296/107280)[Kremote: Counting objects:  60% (64368/107280)[Kremote: Counting objects:  61% (65441/107280)[Kremote: Counting objects:  62% (66514/107280)[Kremote: Counting objects:  63% (67587/107280)[Kremote: Counting objects:  64% (68660/107280)[Kremote: Counting objects:  65% (69732/107280)[Kremote: Counting objects:  66% (70805/107280)[Kremote: Counting objects:  67% (71878/107280)[Kremote: Counting objects:  68% (72951/107280)[Kremote: Counting objects:  69% (74024/107280)[Kremote: Counting objects:  70% (75096/107280)[Kremote: Counting objects:  71% (76169/107280)[Kremote: Counting objects:  72% (77242/107280)[Kremote: Counting objects:  73% (78315/107280)[Kremote: Counting objects:  74% (79388/107280)[Kremote: Counting objects:  75% (80460/107280)[Kremote: Counting objects:  76% (81533/107280)[Kremote: Counting objects:  77% (82606/107280)[Kremote: Counting objects:  78% (83679/107280)[Kremote: Counting objects:  79% (84752/107280)[Kremote: Counting objects:  80% (85824/107280)[Kremote: Counting objects:  81% (86897/107280)[Kremote: Counting objects:  82% (87970/107280)[Kremote: Counting objects:  83% (89043/107280)[Kremote: Counting objects:  84% (90116/107280)[Kremote: Counting objects:  85% (91188/107280)[Kremote: Counting objects:  86% (92261/107280)[Kremote: Counting objects:  87% (93334/107280)[Kremote: Counting objects:  88% (94407/107280)[Kremote: Counting objects:  89% (95480/107280)[Kremote: Counting objects:  90% (96552/107280)[Kremote: Counting objects:  91% (97625/107280)[Kremote: Counting objects:  92% (98698/107280)[Kremote: Counting objects:  93% (99771/107280)[Kremote: Counting objects:  94% (100844/107280)[Kremote: Counting objects:  95% (101916/107280)[Kremote: Counting objects:  96% (102989/107280)[Kremote: Counting objects:  97% (104062/107280)[Kremote: Counting objects:  98% (105135/107280)[Kremote: Counting objects:  99% (106208/107280)[Kremote: Counting objects: 100% (107280/107280)[Kremote: Counting objects: 100% (107280/107280), done.[K
remote: Compressing objects:   0% (1/29500)[Kremote: Compressing objects:   1% (295/29500)[Kremote: Compressing objects:   2% (590/29500)[Kremote: Compressing objects:   3% (885/29500)[Kremote: Compressing objects:   4% (1180/29500)[Kremote: Compressing objects:   5% (1475/29500)[Kremote: Compressing objects:   6% (1770/29500)[Kremote: Compressing objects:   7% (2065/29500)[Kremote: Compressing objects:   8% (2360/29500)[Kremote: Compressing objects:   9% (2655/29500)[Kremote: Compressing objects:  10% (2950/29500)[Kremote: Compressing objects:  11% (3245/29500)[Kremote: Compressing objects:  12% (3540/29500)[Kremote: Compressing objects:  13% (3835/29500)[Kremote: Compressing objects:  14% (4130/29500)[Kremote: Compressing objects:  15% (4425/29500)[Kremote: Compressing objects:  16% (4720/29500)[Kremote: Compressing objects:  17% (5015/29500)[Kremote: Compressing objects:  18% (5310/29500)[Kremote: Compressing objects:  19% (5605/29500)[Kremote: Compressing objects:  20% (5900/29500)[Kremote: Compressing objects:  21% (6195/29500)[Kremote: Compressing objects:  22% (6490/29500)[Kremote: Compressing objects:  23% (6785/29500)[Kremote: Compressing objects:  24% (7080/29500)[Kremote: Compressing objects:  25% (7375/29500)[Kremote: Compressing objects:  26% (7670/29500)[Kremote: Compressing objects:  27% (7965/29500)[Kremote: Compressing objects:  28% (8260/29500)[Kremote: Compressing objects:  29% (8555/29500)[Kremote: Compressing objects:  30% (8850/29500)[Kremote: Compressing objects:  31% (9145/29500)[Kremote: Compressing objects:  32% (9440/29500)[Kremote: Compressing objects:  33% (9735/29500)[Kremote: Compressing objects:  34% (10030/29500)[Kremote: Compressing objects:  35% (10325/29500)[Kremote: Compressing objects:  36% (10620/29500)[Kremote: Compressing objects:  37% (10915/29500)[Kremote: Compressing objects:  38% (11210/29500)[Kremote: Compressing objects:  39% (11505/29500)[Kremote: Compressing objects:  40% (11800/29500)[Kremote: Compressing objects:  41% (12095/29500)[Kremote: Compressing objects:  42% (12390/29500)[Kremote: Compressing objects:  43% (12685/29500)[Kremote: Compressing objects:  44% (12980/29500)[Kremote: Compressing objects:  45% (13275/29500)[Kremote: Compressing objects:  46% (13570/29500)[Kremote: Compressing objects:  47% (13865/29500)[Kremote: Compressing objects:  48% (14160/29500)[Kremote: Compressing objects:  49% (14455/29500)[Kremote: Compressing objects:  50% (14750/29500)[Kremote: Compressing objects:  51% (15045/29500)[Kremote: Compressing objects:  52% (15340/29500)[Kremote: Compressing objects:  53% (15635/29500)[Kremote: Compressing objects:  54% (15930/29500)[Kremote: Compressing objects:  55% (16225/29500)[Kremote: Compressing objects:  56% (16520/29500)[Kremote: Compressing objects:  57% (16815/29500)[Kremote: Compressing objects:  58% (17110/29500)[Kremote: Compressing objects:  59% (17405/29500)[Kremote: Compressing objects:  60% (17700/29500)[Kremote: Compressing objects:  61% (17995/29500)[Kremote: Compressing objects:  62% (18290/29500)[Kremote: Compressing objects:  63% (18585/29500)[Kremote: Compressing objects:  64% (18880/29500)[Kremote: Compressing objects:  65% (19175/29500)[Kremote: Compressing objects:  66% (19470/29500)[Kremote: Compressing objects:  67% (19765/29500)[Kremote: Compressing objects:  68% (20060/29500)[Kremote: Compressing objects:  69% (20355/29500)[Kremote: Compressing objects:  70% (20650/29500)[Kremote: Compressing objects:  71% (20945/29500)[Kremote: Compressing objects:  72% (21240/29500)[Kremote: Compressing objects:  73% (21535/29500)[Kremote: Compressing objects:  74% (21830/29500)[Kremote: Compressing objects:  75% (22125/29500)[Kremote: Compressing objects:  76% (22420/29500)[Kremote: Compressing objects:  77% (22715/29500)[Kremote: Compressing objects:  78% (23010/29500)[Kremote: Compressing objects:  79% (23305/29500)[Kremote: Compressing objects:  80% (23600/29500)[Kremote: Compressing objects:  81% (23895/29500)[Kremote: Compressing objects:  82% (24190/29500)[Kremote: Compressing objects:  83% (24485/29500)[Kremote: Compressing objects:  84% (24780/29500)[Kremote: Compressing objects:  85% (25075/29500)[Kremote: Compressing objects:  86% (25370/29500)[Kremote: Compressing objects:  87% (25665/29500)[Kremote: Compressing objects:  88% (25960/29500)[Kremote: Compressing objects:  89% (26255/29500)[Kremote: Compressing objects:  90% (26550/29500)[Kremote: Compressing objects:  91% (26845/29500)[Kremote: Compressing objects:  92% (27140/29500)[Kremote: Compressing objects:  93% (27435/29500)[Kremote: Compressing objects:  94% (27730/29500)[Kremote: Compressing objects:  95% (28025/29500)[Kremote: Compressing objects:  96% (28320/29500)[Kremote: Compressing objects:  97% (28615/29500)[Kremote: Compressing objects:  98% (28910/29500)[Kremote: Compressing objects:  99% (29205/29500)[Kremote: Compressing objects: 100% (29500/29500)[Kremote: Compressing objects: 100% (29500/29500), done.[K
Receiving objects:   0% (1/107280)   Receiving objects:   1% (1073/107280)   Receiving objects:   2% (2146/107280)   Receiving objects:   3% (3219/107280)   Receiving objects:   4% (4292/107280)   Receiving objects:   5% (5364/107280)   Receiving objects:   6% (6437/107280)   Receiving objects:   7% (7510/107280)   Receiving objects:   8% (8583/107280), 2.63 MiB | 5.24 MiB/s   Receiving objects:   9% (9656/107280), 2.63 MiB | 5.24 MiB/s   Receiving objects:  10% (10728/107280), 2.63 MiB | 5.24 MiB/s   Receiving objects:  11% (11801/107280), 2.63 MiB | 5.24 MiB/s   Receiving objects:  12% (12874/107280), 2.63 MiB | 5.24 MiB/s   Receiving objects:  13% (13947/107280), 2.63 MiB | 5.24 MiB/s   Receiving objects:  14% (15020/107280), 2.63 MiB | 5.24 MiB/s   Receiving objects:  15% (16092/107280), 2.63 MiB | 5.24 MiB/s   Receiving objects:  16% (17165/107280), 2.63 MiB | 5.24 MiB/s   Receiving objects:  17% (18238/107280), 2.63 MiB | 5.24 MiB/s   Receiving objects:  18% (19311/107280), 2.63 MiB | 5.24 MiB/s   Receiving objects:  19% (20384/107280), 2.63 MiB | 5.24 MiB/s   Receiving objects:  20% (21456/107280), 2.63 MiB | 5.24 MiB/s   Receiving objects:  21% (22529/107280), 2.63 MiB | 5.24 MiB/s   Receiving objects:  22% (23602/107280), 2.63 MiB | 5.24 MiB/s   Receiving objects:  22% (24501/107280), 2.63 MiB | 5.24 MiB/s   Receiving objects:  23% (24675/107280), 8.13 MiB | 8.11 MiB/s   Receiving objects:  24% (25748/107280), 8.13 MiB | 8.11 MiB/s   Receiving objects:  25% (26820/107280), 8.13 MiB | 8.11 MiB/s   Receiving objects:  26% (27893/107280), 8.13 MiB | 8.11 MiB/s   Receiving objects:  27% (28966/107280), 8.13 MiB | 8.11 MiB/s   Receiving objects:  28% (30039/107280), 8.13 MiB | 8.11 MiB/s   Receiving objects:  29% (31112/107280), 8.13 MiB | 8.11 MiB/s   Receiving objects:  30% (32184/107280), 8.13 MiB | 8.11 MiB/s   Receiving objects:  31% (33257/107280), 8.13 MiB | 8.11 MiB/s   Receiving objects:  32% (34330/107280), 17.54 MiB | 11.66 MiB/s   Receiving objects:  33% (35403/107280), 17.54 MiB | 11.66 MiB/s   Receiving objects:  34% (36476/107280), 17.54 MiB | 11.66 MiB/s   Receiving objects:  35% (37548/107280), 17.54 MiB | 11.66 MiB/s   Receiving objects:  36% (38621/107280), 17.54 MiB | 11.66 MiB/s   Receiving objects:  37% (39694/107280), 17.54 MiB | 11.66 MiB/s   Receiving objects:  38% (40767/107280), 17.54 MiB | 11.66 MiB/s   Receiving objects:  39% (41840/107280), 17.54 MiB | 11.66 MiB/s   Receiving objects:  40% (42912/107280), 17.54 MiB | 11.66 MiB/s   Receiving objects:  41% (43985/107280), 17.54 MiB | 11.66 MiB/s   Receiving objects:  42% (45058/107280), 17.54 MiB | 11.66 MiB/s   Receiving objects:  43% (46131/107280), 17.54 MiB | 11.66 MiB/s   Receiving objects:  43% (46627/107280), 17.54 MiB | 11.66 MiB/s   Receiving objects:  44% (47204/107280), 26.91 MiB | 13.43 MiB/s   Receiving objects:  45% (48276/107280), 26.91 MiB | 13.43 MiB/s   Receiving objects:  46% (49349/107280), 26.91 MiB | 13.43 MiB/s   Receiving objects:  47% (50422/107280), 26.91 MiB | 13.43 MiB/s   Receiving objects:  48% (51495/107280), 26.91 MiB | 13.43 MiB/s   Receiving objects:  49% (52568/107280), 26.91 MiB | 13.43 MiB/s   Receiving objects:  50% (53640/107280), 26.91 MiB | 13.43 MiB/s   Receiving objects:  51% (54713/107280), 26.91 MiB | 13.43 MiB/s   Receiving objects:  52% (55786/107280), 26.91 MiB | 13.43 MiB/s   Receiving objects:  53% (56859/107280), 26.91 MiB | 13.43 MiB/s   Receiving objects:  54% (57932/107280), 26.91 MiB | 13.43 MiB/s   Receiving objects:  55% (59004/107280), 26.91 MiB | 13.43 MiB/s   Receiving objects:  56% (60077/107280), 26.91 MiB | 13.43 MiB/s   Receiving objects:  57% (61150/107280), 37.25 MiB | 14.87 MiB/s   Receiving objects:  58% (62223/107280), 37.25 MiB | 14.87 MiB/s   Receiving objects:  59% (63296/107280), 37.25 MiB | 14.87 MiB/s   Receiving objects:  60% (64368/107280), 37.25 MiB | 14.87 MiB/s   Receiving objects:  61% (65441/107280), 37.25 MiB | 14.87 MiB/s   Receiving objects:  62% (66514/107280), 37.25 MiB | 14.87 MiB/s   Receiving objects:  63% (67587/107280), 37.25 MiB | 14.87 MiB/s   Receiving objects:  64% (68660/107280), 37.25 MiB | 14.87 MiB/s   Receiving objects:  65% (69732/107280), 37.25 MiB | 14.87 MiB/s   Receiving objects:  66% (70805/107280), 37.25 MiB | 14.87 MiB/s   Receiving objects:  67% (71878/107280), 37.25 MiB | 14.87 MiB/s   Receiving objects:  68% (72951/107280), 37.25 MiB | 14.87 MiB/s   Receiving objects:  69% (74024/107280), 37.25 MiB | 14.87 MiB/s   Receiving objects:  70% (75096/107280), 37.25 MiB | 14.87 MiB/s   Receiving objects:  71% (76169/107280), 37.25 MiB | 14.87 MiB/s   Receiving objects:  72% (77242/107280), 37.25 MiB | 14.87 MiB/s   Receiving objects:  73% (78315/107280), 37.25 MiB | 14.87 MiB/s   Receiving objects:  74% (79388/107280), 37.25 MiB | 14.87 MiB/s   Receiving objects:  75% (80460/107280), 37.25 MiB | 14.87 MiB/s   Receiving objects:  76% (81533/107280), 37.25 MiB | 14.87 MiB/s   Receiving objects:  77% (82606/107280), 37.25 MiB | 14.87 MiB/s   Receiving objects:  78% (83679/107280), 37.25 MiB | 14.87 MiB/s   Receiving objects:  79% (84752/107280), 37.25 MiB | 14.87 MiB/s   Receiving objects:  80% (85824/107280), 37.25 MiB | 14.87 MiB/s   Receiving objects:  81% (86897/107280), 37.25 MiB | 14.87 MiB/s   Receiving objects:  82% (87970/107280), 37.25 MiB | 14.87 MiB/s   Receiving objects:  83% (89043/107280), 37.25 MiB | 14.87 MiB/s   Receiving objects:  84% (90116/107280), 37.25 MiB | 14.87 MiB/s   Receiving objects:  84% (90611/107280), 37.25 MiB | 14.87 MiB/s   Receiving objects:  85% (91188/107280), 49.93 MiB | 16.61 MiB/s   Receiving objects:  86% (92261/107280), 49.93 MiB | 16.61 MiB/s   Receiving objects:  87% (93334/107280), 49.93 MiB | 16.61 MiB/s   Receiving objects:  88% (94407/107280), 49.93 MiB | 16.61 MiB/s   Receiving objects:  89% (95480/107280), 49.93 MiB | 16.61 MiB/s   Receiving objects:  90% (96552/107280), 49.93 MiB | 16.61 MiB/s   Receiving objects:  91% (97625/107280), 49.93 MiB | 16.61 MiB/s   Receiving objects:  92% (98698/107280), 49.93 MiB | 16.61 MiB/s   Receiving objects:  93% (99771/107280), 49.93 MiB | 16.61 MiB/s   Receiving objects:  94% (100844/107280), 49.93 MiB | 16.61 MiB/s   Receiving objects:  95% (101916/107280), 49.93 MiB | 16.61 MiB/s   Receiving objects:  96% (102989/107280), 49.93 MiB | 16.61 MiB/s   Receiving objects:  97% (104062/107280), 49.93 MiB | 16.61 MiB/s   Receiving objects:  98% (105135/107280), 49.93 MiB | 16.61 MiB/s   Receiving objects:  99% (106208/107280), 49.93 MiB | 16.61 MiB/s   remote: Total 107280 (delta 75855), reused 107277 (delta 75852), pack-reused 0[K
Receiving objects: 100% (107280/107280), 49.93 MiB | 16.61 MiB/s   Receiving objects: 100% (107280/107280), 54.00 MiB | 16.61 MiB/s, done.
Resolving deltas:   0% (0/75855)   Resolving deltas:   1% (773/75855)   Resolving deltas:   2% (1539/75855)   Resolving deltas:   3% (2306/75855)   Resolving deltas:   4% (3085/75855)   Resolving deltas:   5% (3809/75855)   Resolving deltas:   6% (4570/75855)   Resolving deltas:   7% (5364/75855)   Resolving deltas:   8% (6076/75855)   Resolving deltas:   9% (6902/75855)   Resolving deltas:  10% (7716/75855)   Resolving deltas:  11% (8369/75855)   Resolving deltas:  12% (9114/75855)   Resolving deltas:  13% (9918/75855)   Resolving deltas:  14% (10651/75855)   Resolving deltas:  15% (11642/75855)   Resolving deltas:  16% (12177/75855)   Resolving deltas:  17% (12909/75855)   Resolving deltas:  18% (13654/75855)   Resolving deltas:  19% (14516/75855)   Resolving deltas:  20% (15310/75855)   Resolving deltas:  21% (15934/75855)   Resolving deltas:  22% (16694/75855)   Resolving deltas:  23% (17887/75855)   Resolving deltas:  24% (18246/75855)   Resolving deltas:  25% (19013/75855)   Resolving deltas:  26% (19735/75855)   Resolving deltas:  27% (20494/75855)   Resolving deltas:  28% (21263/75855)   Resolving deltas:  29% (22019/75855)   Resolving deltas:  30% (22758/75855)   Resolving deltas:  31% (23519/75855)   Resolving deltas:  32% (24283/75855)   Resolving deltas:  33% (25243/75855)   Resolving deltas:  34% (25845/75855)   Resolving deltas:  35% (26592/75855)   Resolving deltas:  36% (27388/75855)   Resolving deltas:  37% (28206/75855)   Resolving deltas:  38% (28966/75855)   Resolving deltas:  39% (29617/75855)   Resolving deltas:  40% (30398/75855)   Resolving deltas:  41% (31112/75855)   Resolving deltas:  42% (31875/75855)   Resolving deltas:  43% (32674/75855)   Resolving deltas:  44% (33418/75855)   Resolving deltas:  45% (34293/75855)   Resolving deltas:  46% (34897/75855)   Resolving deltas:  47% (35656/75855)   Resolving deltas:  48% (36527/75855)   Resolving deltas:  49% (37205/75855)   Resolving deltas:  50% (38079/75855)   Resolving deltas:  51% (38695/75855)   Resolving deltas:  52% (40087/75855)   Resolving deltas:  54% (40972/75855)   Resolving deltas:  55% (41946/75855)   Resolving deltas:  55% (42212/75855)   Resolving deltas:  56% (42859/75855)   Resolving deltas:  57% (43450/75855)   Resolving deltas:  58% (44042/75855)   Resolving deltas:  59% (44758/75855)   Resolving deltas:  60% (45536/75855)   Resolving deltas:  61% (46299/75855)   Resolving deltas:  62% (47084/75855)   Resolving deltas:  63% (47806/75855)   Resolving deltas:  64% (48564/75855)   Resolving deltas:  65% (49319/75855)   Resolving deltas:  66% (50068/75855)   Resolving deltas:  67% (50823/75855)   Resolving deltas:  68% (51588/75855)   Resolving deltas:  69% (52346/75855)   Resolving deltas:  70% (53109/75855)   Resolving deltas:  71% (53865/75855)   Resolving deltas:  72% (54641/75855)   Resolving deltas:  73% (55643/75855)   Resolving deltas:  74% (56749/75855)   Resolving deltas:  75% (56894/75855)   Resolving deltas:  76% (57650/75855)   Resolving deltas:  77% (58429/75855)   Resolving deltas:  78% (59172/75855)   Resolving deltas:  79% (59959/75855)   Resolving deltas:  80% (60685/75855)   Resolving deltas:  81% (61444/75855)   Resolving deltas:  82% (62259/75855)   Resolving deltas:  83% (63001/75855)   Resolving deltas:  84% (63723/75855)   Resolving deltas:  85% (64484/75855)   Resolving deltas:  86% (65237/75855)   Resolving deltas:  87% (66102/75855)   Resolving deltas:  88% (66758/75855)   Resolving deltas:  89% (67558/75855)   Resolving deltas:  90% (68291/75855)   Resolving deltas:  91% (69034/75855)   Resolving deltas:  92% (69788/75855)   Resolving deltas:  93% (70556/75855)   Resolving deltas:  94% (71304/75855)   Resolving deltas:  95% (72154/75855)   Resolving deltas:  96% (72832/75855)   Resolving deltas:  97% (73582/75855)   Resolving deltas:  98% (74433/75855)   Resolving deltas:  99% (75131/75855)   Resolving deltas: 100% (75855/75855)   Resolving deltas: 100% (75855/75855), done.
Checking out files:   2% (258/10825)   Checking out files:   3% (325/10825)   Checking out files:   4% (433/10825)   Checking out files:   5% (542/10825)   Checking out files:   5% (591/10825)   Checking out files:   6% (650/10825)   Checking out files:   7% (758/10825)   Checking out files:   8% (866/10825)   Checking out files:   8% (921/10825)   Checking out files:   9% (975/10825)   Checking out files:  10% (1083/10825)   Checking out files:  11% (1191/10825)   Checking out files:  11% (1210/10825)   Checking out files:  12% (1299/10825)   Checking out files:  13% (1408/10825)   Checking out files:  13% (1487/10825)   Checking out files:  14% (1516/10825)   Checking out files:  15% (1624/10825)   Checking out files:  15% (1728/10825)   Checking out files:  16% (1732/10825)   Checking out files:  17% (1841/10825)   Checking out files:  18% (1949/10825)   Checking out files:  18% (1959/10825)   Checking out files:  19% (2057/10825)   Checking out files:  20% (2165/10825)   Checking out files:  20% (2171/10825)   Checking out files:  21% (2274/10825)   Checking out files:  22% (2382/10825)   Checking out files:  22% (2460/10825)   Checking out files:  23% (2490/10825)   Checking out files:  24% (2598/10825)   Checking out files:  25% (2707/10825)   Checking out files:  25% (2797/10825)   Checking out files:  26% (2815/10825)   Checking out files:  27% (2923/10825)   Checking out files:  28% (3031/10825)   Checking out files:  28% (3124/10825)   Checking out files:  29% (3140/10825)   Checking out files:  30% (3248/10825)   Checking out files:  31% (3356/10825)   Checking out files:  32% (3464/10825)   Checking out files:  32% (3474/10825)   Checking out files:  33% (3573/10825)   Checking out files:  34% (3681/10825)   Checking out files:  35% (3789/10825)   Checking out files:  35% (3796/10825)   Checking out files:  36% (3897/10825)   Checking out files:  37% (4006/10825)   Checking out files:  38% (4114/10825)   Checking out files:  38% (4116/10825)   Checking out files:  39% (4222/10825)   Checking out files:  40% (4330/10825)   Checking out files:  40% (4434/10825)   Checking out files:  41% (4439/10825)   Checking out files:  42% (4547/10825)   Checking out files:  43% (4655/10825)   Checking out files:  43% (4724/10825)   Checking out files:  44% (4763/10825)   Checking out files:  45% (4872/10825)   Checking out files:  46% (4980/10825)   Checking out files:  46% (5044/10825)   Checking out files:  47% (5088/10825)   Checking out files:  48% (5196/10825)   Checking out files:  49% (5305/10825)   Checking out files:  49% (5381/10825)   Checking out files:  50% (5413/10825)   Checking out files:  51% (5521/10825)   Checking out files:  52% (5629/10825)   Checking out files:  52% (5716/10825)   Checking out files:  53% (5738/10825)   Checking out files:  54% (5846/10825)   Checking out files:  55% (5954/10825)   Checking out files:  55% (6051/10825)   Checking out files:  56% (6062/10825)   Checking out files:  57% (6171/10825)   Checking out files:  58% (6279/10825)   Checking out files:  58% (6369/10825)   Checking out files:  59% (6387/10825)   Checking out files:  60% (6495/10825)   Checking out files:  61% (6604/10825)   Checking out files:  61% (6708/10825)   Checking out files:  62% (6712/10825)   Checking out files:  63% (6820/10825)   Checking out files:  64% (6928/10825)   Checking out files:  64% (7026/10825)   Checking out files:  65% (7037/10825)   Checking out files:  66% (7145/10825)   Checking out files:  67% (7253/10825)   Checking out files:  67% (7352/10825)   Checking out files:  68% (7361/10825)   Checking out files:  69% (7470/10825)   Checking out files:  70% (7578/10825)   Checking out files:  70% (7676/10825)   Checking out files:  71% (7686/10825)   Checking out files:  72% (7794/10825)   Checking out files:  72% (7900/10825)   Checking out files:  73% (7903/10825)   Checking out files:  74% (8011/10825)   Checking out files:  75% (8119/10825)   Checking out files:  75% (8130/10825)   Checking out files:  76% (8227/10825)   Checking out files:  77% (8336/10825)   Checking out files:  77% (8346/10825)   Checking out files:  78% (8444/10825)   Checking out files:  79% (8552/10825)   Checking out files:  79% (8586/10825)   Checking out files:  80% (8660/10825)   Checking out files:  81% (8769/10825)   Checking out files:  81% (8818/10825)   Checking out files:  82% (8877/10825)   Checking out files:  83% (8985/10825)   Checking out files:  83% (9022/10825)   Checking out files:  84% (9093/10825)   Checking out files:  85% (9202/10825)   Checking out files:  85% (9237/10825)   Checking out files:  86% (9310/10825)   Checking out files:  87% (9418/10825)   Checking out files:  87% (9449/10825)   Checking out files:  88% (9526/10825)   Checking out files:  89% (9635/10825)   Checking out files:  89% (9644/10825)   Checking out files:  90% (9743/10825)   Checking out files:  90% (9830/10825)   Checking out files:  91% (9851/10825)   Checking out files:  92% (9959/10825)   Checking out files:  92% (10013/10825)   Checking out files:  93% (10068/10825)   Checking out files:  94% (10176/10825)   Checking out files:  94% (10215/10825)   Checking out files:  95% (10284/10825)   Checking out files:  96% (10392/10825)   Checking out files:  96% (10423/10825)   Checking out files:  97% (10501/10825)   Checking out files:  98% (10609/10825)   Checking out files:  98% (10627/10825)   Checking out files:  99% (10717/10825)   Checking out files: 100% (10825/10825)   Checking out files: 100% (10825/10825), done.
bash-4.2$ git clone https://github.com/libgit2/libgit2 mylibgit
Cloning into 'mylibgit'...
remote: Enumerating objects: 107280, done.[K
remote: Counting objects:   0% (1/107280)[Kremote: Counting objects:   1% (1073/107280)[Kremote: Counting objects:   2% (2146/107280)[Kremote: Counting objects:   3% (3219/107280)[Kremote: Counting objects:   4% (4292/107280)[Kremote: Counting objects:   5% (5364/107280)[Kremote: Counting objects:   6% (6437/107280)[Kremote: Counting objects:   7% (7510/107280)[Kremote: Counting objects:   8% (8583/107280)[Kremote: Counting objects:   9% (9656/107280)[Kremote: Counting objects:  10% (10728/107280)[Kremote: Counting objects:  11% (11801/107280)[Kremote: Counting objects:  12% (12874/107280)[Kremote: Counting objects:  13% (13947/107280)[Kremote: Counting objects:  14% (15020/107280)[Kremote: Counting objects:  15% (16092/107280)[Kremote: Counting objects:  16% (17165/107280)[Kremote: Counting objects:  17% (18238/107280)[Kremote: Counting objects:  18% (19311/107280)[Kremote: Counting objects:  19% (20384/107280)[Kremote: Counting objects:  20% (21456/107280)[Kremote: Counting objects:  21% (22529/107280)[Kremote: Counting objects:  22% (23602/107280)[Kremote: Counting objects:  23% (24675/107280)[Kremote: Counting objects:  24% (25748/107280)[Kremote: Counting objects:  25% (26820/107280)[Kremote: Counting objects:  26% (27893/107280)[Kremote: Counting objects:  27% (28966/107280)[Kremote: Counting objects:  28% (30039/107280)[Kremote: Counting objects:  29% (31112/107280)[Kremote: Counting objects:  30% (32184/107280)[Kremote: Counting objects:  31% (33257/107280)[Kremote: Counting objects:  32% (34330/107280)[Kremote: Counting objects:  33% (35403/107280)[Kremote: Counting objects:  34% (36476/107280)[Kremote: Counting objects:  35% (37548/107280)[Kremote: Counting objects:  36% (38621/107280)[Kremote: Counting objects:  37% (39694/107280)[Kremote: Counting objects:  38% (40767/107280)[Kremote: Counting objects:  39% (41840/107280)[Kremote: Counting objects:  40% (42912/107280)[Kremote: Counting objects:  41% (43985/107280)[Kremote: Counting objects:  42% (45058/107280)[Kremote: Counting objects:  43% (46131/107280)[Kremote: Counting objects:  44% (47204/107280)[Kremote: Counting objects:  45% (48276/107280)[Kremote: Counting objects:  46% (49349/107280)[Kremote: Counting objects:  47% (50422/107280)[Kremote: Counting objects:  48% (51495/107280)[Kremote: Counting objects:  49% (52568/107280)[Kremote: Counting objects:  50% (53640/107280)[Kremote: Counting objects:  51% (54713/107280)[Kremote: Counting objects:  52% (55786/107280)[Kremote: Counting objects:  53% (56859/107280)[Kremote: Counting objects:  54% (57932/107280)[Kremote: Counting objects:  55% (59004/107280)[Kremote: Counting objects:  56% (60077/107280)[Kremote: Counting objects:  57% (61150/107280)[Kremote: Counting objects:  58% (62223/107280)[Kremote: Counting objects:  59% (63296/107280)[Kremote: Counting objects:  60% (64368/107280)[Kremote: Counting objects:  61% (65441/107280)[Kremote: Counting objects:  62% (66514/107280)[Kremote: Counting objects:  63% (67587/107280)[Kremote: Counting objects:  64% (68660/107280)[Kremote: Counting objects:  65% (69732/107280)[Kremote: Counting objects:  66% (70805/107280)[Kremote: Counting objects:  67% (71878/107280)[Kremote: Counting objects:  68% (72951/107280)[Kremote: Counting objects:  69% (74024/107280)[Kremote: Counting objects:  70% (75096/107280)[Kremote: Counting objects:  71% (76169/107280)[Kremote: Counting objects:  72% (77242/107280)[Kremote: Counting objects:  73% (78315/107280)[Kremote: Counting objects:  74% (79388/107280)[Kremote: Counting objects:  75% (80460/107280)[Kremote: Counting objects:  76% (81533/107280)[Kremote: Counting objects:  77% (82606/107280)[Kremote: Counting objects:  78% (83679/107280)[Kremote: Counting objects:  79% (84752/107280)[Kremote: Counting objects:  80% (85824/107280)[Kremote: Counting objects:  81% (86897/107280)[Kremote: Counting objects:  82% (87970/107280)[Kremote: Counting objects:  83% (89043/107280)[Kremote: Counting objects:  84% (90116/107280)[Kremote: Counting objects:  85% (91188/107280)[Kremote: Counting objects:  86% (92261/107280)[Kremote: Counting objects:  87% (93334/107280)[Kremote: Counting objects:  88% (94407/107280)[Kremote: Counting objects:  89% (95480/107280)[Kremote: Counting objects:  90% (96552/107280)[Kremote: Counting objects:  91% (97625/107280)[Kremote: Counting objects:  92% (98698/107280)[Kremote: Counting objects:  93% (99771/107280)[Kremote: Counting objects:  94% (100844/107280)[Kremote: Counting objects:  95% (101916/107280)[Kremote: Counting objects:  96% (102989/107280)[Kremote: Counting objects:  97% (104062/107280)[Kremote: Counting objects:  98% (105135/107280)[Kremote: Counting objects:  99% (106208/107280)[Kremote: Counting objects: 100% (107280/107280)[Kremote: Counting objects: 100% (107280/107280), done.[K
remote: Compressing objects:   0% (1/29500)[Kremote: Compressing objects:   1% (295/29500)[Kremote: Compressing objects:   2% (590/29500)[Kremote: Compressing objects:   3% (885/29500)[Kremote: Compressing objects:   4% (1180/29500)[Kremote: Compressing objects:   5% (1475/29500)[Kremote: Compressing objects:   6% (1770/29500)[Kremote: Compressing objects:   7% (2065/29500)[Kremote: Compressing objects:   8% (2360/29500)[Kremote: Compressing objects:   9% (2655/29500)[Kremote: Compressing objects:  10% (2950/29500)[Kremote: Compressing objects:  11% (3245/29500)[Kremote: Compressing objects:  12% (3540/29500)[Kremote: Compressing objects:  13% (3835/29500)[Kremote: Compressing objects:  14% (4130/29500)[Kremote: Compressing objects:  15% (4425/29500)[Kremote: Compressing objects:  16% (4720/29500)[Kremote: Compressing objects:  17% (5015/29500)[Kremote: Compressing objects:  18% (5310/29500)[Kremote: Compressing objects:  19% (5605/29500)[Kremote: Compressing objects:  20% (5900/29500)[Kremote: Compressing objects:  21% (6195/29500)[Kremote: Compressing objects:  22% (6490/29500)[Kremote: Compressing objects:  23% (6785/29500)[Kremote: Compressing objects:  24% (7080/29500)[Kremote: Compressing objects:  25% (7375/29500)[Kremote: Compressing objects:  26% (7670/29500)[Kremote: Compressing objects:  27% (7965/29500)[Kremote: Compressing objects:  28% (8260/29500)[Kremote: Compressing objects:  29% (8555/29500)[Kremote: Compressing objects:  30% (8850/29500)[Kremote: Compressing objects:  31% (9145/29500)[Kremote: Compressing objects:  32% (9440/29500)[Kremote: Compressing objects:  33% (9735/29500)[Kremote: Compressing objects:  34% (10030/29500)[Kremote: Compressing objects:  35% (10325/29500)[Kremote: Compressing objects:  36% (10620/29500)[Kremote: Compressing objects:  37% (10915/29500)[Kremote: Compressing objects:  38% (11210/29500)[Kremote: Compressing objects:  39% (11505/29500)[Kremote: Compressing objects:  40% (11800/29500)[Kremote: Compressing objects:  41% (12095/29500)[Kremote: Compressing objects:  42% (12390/29500)[Kremote: Compressing objects:  43% (12685/29500)[Kremote: Compressing objects:  44% (12980/29500)[Kremote: Compressing objects:  45% (13275/29500)[Kremote: Compressing objects:  46% (13570/29500)[Kremote: Compressing objects:  47% (13865/29500)[Kremote: Compressing objects:  48% (14160/29500)[Kremote: Compressing objects:  49% (14455/29500)[Kremote: Compressing objects:  50% (14750/29500)[Kremote: Compressing objects:  51% (15045/29500)[Kremote: Compressing objects:  52% (15340/29500)[Kremote: Compressing objects:  53% (15635/29500)[Kremote: Compressing objects:  54% (15930/29500)[Kremote: Compressing objects:  55% (16225/29500)[Kremote: Compressing objects:  56% (16520/29500)[Kremote: Compressing objects:  57% (16815/29500)[Kremote: Compressing objects:  58% (17110/29500)[Kremote: Compressing objects:  59% (17405/29500)[Kremote: Compressing objects:  60% (17700/29500)[Kremote: Compressing objects:  61% (17995/29500)[Kremote: Compressing objects:  62% (18290/29500)[Kremote: Compressing objects:  63% (18585/29500)[Kremote: Compressing objects:  64% (18880/29500)[Kremote: Compressing objects:  65% (19175/29500)[Kremote: Compressing objects:  66% (19470/29500)[Kremote: Compressing objects:  67% (19765/29500)[Kremote: Compressing objects:  68% (20060/29500)[Kremote: Compressing objects:  69% (20355/29500)[Kremote: Compressing objects:  70% (20650/29500)[Kremote: Compressing objects:  71% (20945/29500)[Kremote: Compressing objects:  72% (21240/29500)[Kremote: Compressing objects:  73% (21535/29500)[Kremote: Compressing objects:  74% (21830/29500)[Kremote: Compressing objects:  75% (22125/29500)[Kremote: Compressing objects:  76% (22420/29500)[Kremote: Compressing objects:  77% (22715/29500)[Kremote: Compressing objects:  78% (23010/29500)[Kremote: Compressing objects:  79% (23305/29500)[Kremote: Compressing objects:  80% (23600/29500)[Kremote: Compressing objects:  81% (23895/29500)[Kremote: Compressing objects:  82% (24190/29500)[Kremote: Compressing objects:  83% (24485/29500)[Kremote: Compressing objects:  84% (24780/29500)[Kremote: Compressing objects:  85% (25075/29500)[Kremote: Compressing objects:  86% (25370/29500)[Kremote: Compressing objects:  87% (25665/29500)[Kremote: Compressing objects:  88% (25960/29500)[Kremote: Compressing objects:  89% (26255/29500)[Kremote: Compressing objects:  90% (26550/29500)[Kremote: Compressing objects:  91% (26845/29500)[Kremote: Compressing objects:  92% (27140/29500)[Kremote: Compressing objects:  93% (27435/29500)[Kremote: Compressing objects:  94% (27730/29500)[Kremote: Compressing objects:  95% (28025/29500)[Kremote: Compressing objects:  96% (28320/29500)[Kremote: Compressing objects:  97% (28615/29500)[Kremote: Compressing objects:  98% (28910/29500)[Kremote: Compressing objects:  99% (29205/29500)[Kremote: Compressing objects: 100% (29500/29500)[Kremote: Compressing objects: 100% (29500/29500), done.[K
Receiving objects:   0% (1/107280)   Receiving objects:   1% (1073/107280)   Receiving objects:   2% (2146/107280)   Receiving objects:   3% (3219/107280)   Receiving objects:   4% (4292/107280)   Receiving objects:   5% (5364/107280)   Receiving objects:   6% (6437/107280)   Receiving objects:   7% (7510/107280)   Receiving objects:   8% (8583/107280)   Receiving objects:   9% (9656/107280)   Receiving objects:  10% (10728/107280)   Receiving objects:  11% (11801/107280)   Receiving objects:  12% (12874/107280)   Receiving objects:  13% (13947/107280)   Receiving objects:  14% (15020/107280)   Receiving objects:  15% (16092/107280), 4.16 MiB | 8.30 MiB/s   Receiving objects:  16% (17165/107280), 4.16 MiB | 8.30 MiB/s   Receiving objects:  17% (18238/107280), 4.16 MiB | 8.30 MiB/s   Receiving objects:  18% (19311/107280), 4.16 MiB | 8.30 MiB/s   Receiving objects:  19% (20384/107280), 4.16 MiB | 8.30 MiB/s   Receiving objects:  20% (21456/107280), 4.16 MiB | 8.30 MiB/s   Receiving objects:  21% (22529/107280), 4.16 MiB | 8.30 MiB/s   Receiving objects:  22% (23602/107280), 4.16 MiB | 8.30 MiB/s   Receiving objects:  23% (24675/107280), 4.16 MiB | 8.30 MiB/s   Receiving objects:  24% (25748/107280), 4.16 MiB | 8.30 MiB/s   Receiving objects:  24% (26647/107280), 4.16 MiB | 8.30 MiB/s   Receiving objects:  25% (26820/107280), 12.19 MiB | 12.16 MiB/s   Receiving objects:  26% (27893/107280), 12.19 MiB | 12.16 MiB/s   Receiving objects:  27% (28966/107280), 12.19 MiB | 12.16 MiB/s   Receiving objects:  28% (30039/107280), 12.19 MiB | 12.16 MiB/s   Receiving objects:  29% (31112/107280), 12.19 MiB | 12.16 MiB/s   Receiving objects:  30% (32184/107280), 12.19 MiB | 12.16 MiB/s   Receiving objects:  31% (33257/107280), 12.19 MiB | 12.16 MiB/s   Receiving objects:  32% (34330/107280), 12.19 MiB | 12.16 MiB/s   Receiving objects:  33% (35403/107280), 12.19 MiB | 12.16 MiB/s   Receiving objects:  34% (36476/107280), 12.19 MiB | 12.16 MiB/s   Receiving objects:  35% (37548/107280), 12.19 MiB | 12.16 MiB/s   Receiving objects:  36% (38621/107280), 12.19 MiB | 12.16 MiB/s   Receiving objects:  37% (39694/107280), 12.19 MiB | 12.16 MiB/s   Receiving objects:  38% (40767/107280), 21.39 MiB | 14.23 MiB/s   Receiving objects:  39% (41840/107280), 21.39 MiB | 14.23 MiB/s   Receiving objects:  40% (42912/107280), 21.39 MiB | 14.23 MiB/s   Receiving objects:  41% (43985/107280), 21.39 MiB | 14.23 MiB/s   Receiving objects:  42% (45058/107280), 21.39 MiB | 14.23 MiB/s   Receiving objects:  43% (46131/107280), 21.39 MiB | 14.23 MiB/s   Receiving objects:  44% (47204/107280), 21.39 MiB | 14.23 MiB/s   Receiving objects:  45% (48276/107280), 21.39 MiB | 14.23 MiB/s   Receiving objects:  46% (49349/107280), 21.39 MiB | 14.23 MiB/s   Receiving objects:  47% (50422/107280), 21.39 MiB | 14.23 MiB/s   Receiving objects:  48% (51495/107280), 21.39 MiB | 14.23 MiB/s   Receiving objects:  49% (52568/107280), 21.39 MiB | 14.23 MiB/s   Receiving objects:  50% (53640/107280), 21.39 MiB | 14.23 MiB/s   Receiving objects:  51% (54713/107280), 21.39 MiB | 14.23 MiB/s   Receiving objects:  52% (55786/107280), 21.39 MiB | 14.23 MiB/s   Receiving objects:  53% (56859/107280), 21.39 MiB | 14.23 MiB/s   Receiving objects:  54% (57932/107280), 21.39 MiB | 14.23 MiB/s   Receiving objects:  54% (57965/107280), 21.39 MiB | 14.23 MiB/s   Receiving objects:  55% (59004/107280), 31.11 MiB | 15.52 MiB/s   Receiving objects:  56% (60077/107280), 31.11 MiB | 15.52 MiB/s   Receiving objects:  57% (61150/107280), 31.11 MiB | 15.52 MiB/s   Receiving objects:  58% (62223/107280), 31.11 MiB | 15.52 MiB/s   Receiving objects:  59% (63296/107280), 31.11 MiB | 15.52 MiB/s   Receiving objects:  60% (64368/107280), 31.11 MiB | 15.52 MiB/s   Receiving objects:  61% (65441/107280), 31.11 MiB | 15.52 MiB/s   Receiving objects:  62% (66514/107280), 31.11 MiB | 15.52 MiB/s   Receiving objects:  63% (67587/107280), 31.11 MiB | 15.52 MiB/s   Receiving objects:  64% (68660/107280), 41.74 MiB | 16.66 MiB/s   Receiving objects:  65% (69732/107280), 41.74 MiB | 16.66 MiB/s   Receiving objects:  66% (70805/107280), 41.74 MiB | 16.66 MiB/s   Receiving objects:  67% (71878/107280), 41.74 MiB | 16.66 MiB/s   Receiving objects:  68% (72951/107280), 41.74 MiB | 16.66 MiB/s   Receiving objects:  69% (74024/107280), 41.74 MiB | 16.66 MiB/s   Receiving objects:  70% (75096/107280), 41.74 MiB | 16.66 MiB/s   Receiving objects:  71% (76169/107280), 41.74 MiB | 16.66 MiB/s   Receiving objects:  72% (77242/107280), 41.74 MiB | 16.66 MiB/s   Receiving objects:  73% (78315/107280), 41.74 MiB | 16.66 MiB/s   Receiving objects:  74% (79388/107280), 41.74 MiB | 16.66 MiB/s   Receiving objects:  75% (80460/107280), 41.74 MiB | 16.66 MiB/s   Receiving objects:  76% (81533/107280), 41.74 MiB | 16.66 MiB/s   Receiving objects:  77% (82606/107280), 41.74 MiB | 16.66 MiB/s   Receiving objects:  78% (83679/107280), 41.74 MiB | 16.66 MiB/s   Receiving objects:  79% (84752/107280), 41.74 MiB | 16.66 MiB/s   Receiving objects:  80% (85824/107280), 41.74 MiB | 16.66 MiB/s   Receiving objects:  81% (86897/107280), 41.74 MiB | 16.66 MiB/s   Receiving objects:  82% (87970/107280), 41.74 MiB | 16.66 MiB/s   Receiving objects:  83% (89043/107280), 41.74 MiB | 16.66 MiB/s   Receiving objects:  84% (90116/107280), 41.74 MiB | 16.66 MiB/s   Receiving objects:  85% (91188/107280), 41.74 MiB | 16.66 MiB/s   Receiving objects:  86% (92261/107280), 41.74 MiB | 16.66 MiB/s   Receiving objects:  87% (93334/107280), 41.74 MiB | 16.66 MiB/s   Receiving objects:  88% (94407/107280), 41.74 MiB | 16.66 MiB/s   Receiving objects:  89% (95480/107280), 41.74 MiB | 16.66 MiB/s   Receiving objects:  90% (96552/107280), 41.74 MiB | 16.66 MiB/s   Receiving objects:  91% (97625/107280), 41.74 MiB | 16.66 MiB/s   Receiving objects:  92% (98698/107280), 41.74 MiB | 16.66 MiB/s   Receiving objects:  93% (99771/107280), 41.74 MiB | 16.66 MiB/s   Receiving objects:  94% (100844/107280), 41.74 MiB | 16.66 MiB/s   Receiving objects:  95% (101916/107280), 41.74 MiB | 16.66 MiB/s   Receiving objects:  96% (102989/107280), 41.74 MiB | 16.66 MiB/s   Receiving objects:  97% (104062/107280), 41.74 MiB | 16.66 MiB/s   Receiving objects:  98% (105135/107280), 41.74 MiB | 16.66 MiB/s   Receiving objects:  99% (106208/107280), 41.74 MiB | 16.66 MiB/s   remote: Total 107280 (delta 75855), reused 107277 (delta 75852), pack-reused 0[K
Receiving objects: 100% (107280/107280), 41.74 MiB | 16.66 MiB/s   Receiving objects: 100% (107280/107280), 54.00 MiB | 16.66 MiB/s, done.
Resolving deltas:   0% (0/75855)   Resolving deltas:   1% (760/75855)   Resolving deltas:   2% (1539/75855)   Resolving deltas:   3% (2299/75855)   Resolving deltas:   4% (3152/75855)   Resolving deltas:   5% (3831/75855)   Resolving deltas:   6% (4561/75855)   Resolving deltas:   7% (5326/75855)   Resolving deltas:   8% (6112/75855)   Resolving deltas:   9% (6844/75855)   Resolving deltas:  10% (7737/75855)   Resolving deltas:  11% (8384/75855)   Resolving deltas:  12% (9110/75855)   Resolving deltas:  13% (9910/75855)   Resolving deltas:  14% (10644/75855)   Resolving deltas:  15% (11381/75855)   Resolving deltas:  16% (12141/75855)   Resolving deltas:  17% (12909/75855)   Resolving deltas:  18% (13654/75855)   Resolving deltas:  19% (14563/75855)   Resolving deltas:  20% (15246/75855)   Resolving deltas:  21% (15941/75855)   Resolving deltas:  22% (16710/75855)   Resolving deltas:  23% (17945/75855)   Resolving deltas:  24% (18323/75855)   Resolving deltas:  25% (19038/75855)   Resolving deltas:  26% (19747/75855)   Resolving deltas:  27% (20685/75855)   Resolving deltas:  28% (21296/75855)   Resolving deltas:  29% (22005/75855)   Resolving deltas:  30% (22789/75855)   Resolving deltas:  31% (23516/75855)   Resolving deltas:  32% (24285/75855)   Resolving deltas:  33% (25190/75855)   Resolving deltas:  34% (25827/75855)   Resolving deltas:  35% (26605/75855)   Resolving deltas:  36% (27390/75855)   Resolving deltas:  37% (28120/75855)   Resolving deltas:  38% (29126/75855)   Resolving deltas:  39% (29592/75855)   Resolving deltas:  40% (30356/75855)   Resolving deltas:  41% (31158/75855)   Resolving deltas:  42% (31862/75855)   Resolving deltas:  43% (32667/75855)   Resolving deltas:  44% (33458/75855)   Resolving deltas:  45% (34326/75855)   Resolving deltas:  46% (34895/75855)   Resolving deltas:  47% (35692/75855)   Resolving deltas:  48% (36465/75855)   Resolving deltas:  49% (37236/75855)   Resolving deltas:  50% (37943/75855)   Resolving deltas:  51% (38701/75855)   Resolving deltas:  52% (40009/75855)   Resolving deltas:  53% (40264/75855)   Resolving deltas:  54% (41343/75855)   Resolving deltas:  55% (41925/75855)   Resolving deltas:  56% (42839/75855)   Resolving deltas:  57% (43423/75855)   Resolving deltas:  58% (44049/75855)   Resolving deltas:  59% (44759/75855)   Resolving deltas:  60% (45551/75855)   Resolving deltas:  61% (46305/75855)   Resolving deltas:  62% (47090/75855)   Resolving deltas:  63% (47791/75855)   Resolving deltas:  64% (48549/75855)   Resolving deltas:  65% (49328/75855)   Resolving deltas:  66% (50068/75855)   Resolving deltas:  67% (50823/75855)   Resolving deltas:  68% (51597/75855)   Resolving deltas:  69% (52349/75855)   Resolving deltas:  70% (53099/75855)   Resolving deltas:  71% (53859/75855)   Resolving deltas:  72% (54647/75855)   Resolving deltas:  73% (55556/75855)   Resolving deltas:  74% (56670/75855)   Resolving deltas:  75% (57108/75855)   Resolving deltas:  75% (57594/75855)   Resolving deltas:  76% (57671/75855)   Resolving deltas:  77% (58412/75855)   Resolving deltas:  78% (59194/75855)   Resolving deltas:  79% (60099/75855)   Resolving deltas:  80% (60739/75855)   Resolving deltas:  81% (61445/75855)   Resolving deltas:  82% (62243/75855)   Resolving deltas:  83% (63032/75855)   Resolving deltas:  84% (63742/75855)   Resolving deltas:  85% (64480/75855)   Resolving deltas:  86% (65257/75855)   Resolving deltas:  87% (65998/75855)   Resolving deltas:  88% (66797/75855)   Resolving deltas:  89% (67545/75855)   Resolving deltas:  90% (68270/75855)   Resolving deltas:  91% (69030/75855)   Resolving deltas:  92% (69814/75855)   Resolving deltas:  93% (70558/75855)   Resolving deltas:  94% (71313/75855)   Resolving deltas:  95% (72082/75855)   Resolving deltas:  96% (72825/75855)   Resolving deltas:  97% (73613/75855)   Resolving deltas:  98% (74493/75855)   Resolving deltas:  99% (75102/75855)   Resolving deltas: 100% (75855/75855)   Resolving deltas: 100% (75855/75855), done.
Checking out files:   2% (284/10825)   Checking out files:   3% (325/10825)   Checking out files:   4% (433/10825)   Checking out files:   5% (542/10825)   Checking out files:   5% (591/10825)   Checking out files:   6% (650/10825)   Checking out files:   7% (758/10825)   Checking out files:   8% (866/10825)   Checking out files:   8% (910/10825)   Checking out files:   9% (975/10825)   Checking out files:  10% (1083/10825)   Checking out files:  11% (1191/10825)   Checking out files:  11% (1194/10825)   Checking out files:  12% (1299/10825)   Checking out files:  13% (1408/10825)   Checking out files:  13% (1467/10825)   Checking out files:  14% (1516/10825)   Checking out files:  15% (1624/10825)   Checking out files:  16% (1732/10825)   Checking out files:  16% (1733/10825)   Checking out files:  17% (1841/10825)   Checking out files:  17% (1947/10825)   Checking out files:  18% (1949/10825)   Checking out files:  19% (2057/10825)   Checking out files:  19% (2154/10825)   Checking out files:  20% (2165/10825)   Checking out files:  21% (2274/10825)   Checking out files:  22% (2382/10825)   Checking out files:  22% (2412/10825)   Checking out files:  23% (2490/10825)   Checking out files:  24% (2598/10825)   Checking out files:  25% (2707/10825)   Checking out files:  25% (2749/10825)   Checking out files:  26% (2815/10825)   Checking out files:  27% (2923/10825)   Checking out files:  28% (3031/10825)   Checking out files:  28% (3054/10825)   Checking out files:  29% (3140/10825)   Checking out files:  30% (3248/10825)   Checking out files:  30% (3339/10825)   Checking out files:  31% (3356/10825)   Checking out files:  32% (3464/10825)   Checking out files:  33% (3573/10825)   Checking out files:  33% (3674/10825)   Checking out files:  34% (3681/10825)   Checking out files:  35% (3789/10825)   Checking out files:  36% (3897/10825)   Checking out files:  36% (3992/10825)   Checking out files:  37% (4006/10825)   Checking out files:  38% (4114/10825)   Checking out files:  39% (4222/10825)   Checking out files:  39% (4322/10825)   Checking out files:  40% (4330/10825)   Checking out files:  41% (4439/10825)   Checking out files:  42% (4547/10825)   Checking out files:  42% (4637/10825)   Checking out files:  43% (4655/10825)   Checking out files:  44% (4763/10825)   Checking out files:  45% (4872/10825)   Checking out files:  45% (4941/10825)   Checking out files:  46% (4980/10825)   Checking out files:  47% (5088/10825)   Checking out files:  48% (5196/10825)   Checking out files:  48% (5284/10825)   Checking out files:  49% (5305/10825)   Checking out files:  50% (5413/10825)   Checking out files:  51% (5521/10825)   Checking out files:  51% (5612/10825)   Checking out files:  52% (5629/10825)   Checking out files:  53% (5738/10825)   Checking out files:  54% (5846/10825)   Checking out files:  54% (5943/10825)   Checking out files:  55% (5954/10825)   Checking out files:  56% (6062/10825)   Checking out files:  57% (6171/10825)   Checking out files:  58% (6279/10825)   Checking out files:  59% (6387/10825)   Checking out files:  60% (6495/10825)   Checking out files:  60% (6583/10825)   Checking out files:  61% (6604/10825)   Checking out files:  62% (6712/10825)   Checking out files:  63% (6820/10825)   Checking out files:  63% (6912/10825)   Checking out files:  64% (6928/10825)   Checking out files:  65% (7037/10825)   Checking out files:  66% (7145/10825)   Checking out files:  66% (7237/10825)   Checking out files:  67% (7253/10825)   Checking out files:  68% (7361/10825)   Checking out files:  69% (7470/10825)   Checking out files:  69% (7572/10825)   Checking out files:  70% (7578/10825)   Checking out files:  71% (7686/10825)   Checking out files:  72% (7794/10825)   Checking out files:  72% (7824/10825)   Checking out files:  73% (7903/10825)   Checking out files:  74% (8011/10825)   Checking out files:  74% (8024/10825)   Checking out files:  75% (8119/10825)   Checking out files:  76% (8227/10825)   Checking out files:  76% (8243/10825)   Checking out files:  77% (8336/10825)   Checking out files:  78% (8444/10825)   Checking out files:  78% (8491/10825)   Checking out files:  79% (8552/10825)   Checking out files:  80% (8660/10825)   Checking out files:  80% (8717/10825)   Checking out files:  81% (8769/10825)   Checking out files:  82% (8877/10825)   Checking out files:  82% (8949/10825)   Checking out files:  83% (8985/10825)   Checking out files:  84% (9093/10825)   Checking out files:  84% (9146/10825)   Checking out files:  85% (9202/10825)   Checking out files:  86% (9310/10825)   Checking out files:  86% (9366/10825)   Checking out files:  87% (9418/10825)   Checking out files:  88% (9526/10825)   Checking out files:  88% (9576/10825)   Checking out files:  89% (9635/10825)   Checking out files:  90% (9743/10825)   Checking out files:  90% (9770/10825)   Checking out files:  91% (9851/10825)   Checking out files:  91% (9953/10825)   Checking out files:  92% (9959/10825)   Checking out files:  93% (10068/10825)   Checking out files:  93% (10129/10825)   Checking out files:  94% (10176/10825)   Checking out files:  95% (10284/10825)   Checking out files:  95% (10344/10825)   Checking out files:  96% (10392/10825)   Checking out files:  97% (10501/10825)   Checking out files:  97% (10554/10825)   Checking out files:  98% (10609/10825)   Checking out files:  99% (10717/10825)   Checking out files:  99% (10743/10825)   Checking out files: 100% (10825/10825)   Checking out files: 100% (10825/10825), done.
bash-4.2$ git status
# On branch master
# Untracked files:
#   (use "git add <file>..." to include in what will be committed)
#
#	libgit2/
#	mylibgit/
nothing added to commit but untracked files present (use "git add" to track)
bash-4.2$ touch add [K[K[K[K[K r[KREa[KADME
bash-4.2$ mvREA[K[K[K READ<E[K[KME CONTRIBUTING.md 
bash-4.2$ git status
# On branch master
# Untracked files:
#   (use "git add <file>..." to include in what will be committed)
#
#	CONTRIBUTING.md
#	libgit2/
#	mylibgit/
nothing added to commit but untracked files present (use "git add" to track)
bash-4.2$ git fi[K[Kdiff
[?1h=[K[?1l>bash-4.2$ git commit
# On branch master
# Untracked files:
#   (use "git add <file>..." to include in what will be committed)
#
#	CONTRIBUTING.md
#	libgit2/
#	mylibgit/
nothing added to commit but untracked files present (use "git add" to track)
bash-4.2$ fit[K[K[Kgit lof[Kg
[?1h=commit 67b294a6ecf54c9a72df647cbfe84d6f04323876[m
Author: Wenzhuo Fan <wzf0009@tux246.eng.auburn.edu>[m
Date:   Fri Jan 22 23:47:50 2021 -0600[m
[m
    cpu2 is added into master 2[m
[m
commit c26af0fec6fd6313cc4b0a9a5edd82721479e430[m
Author: Wenzhuo Fan <wzf0009@tux063.eng.auburn.edu>[m
Date:   Fri Jan 22 23:37:13 2021 -0600[m
[m
    Initial project 1[m
[m
commit ee99299cb27e575d0abecfe6aaf9342697368e6d[m
Author: Wenzhuo Fan <wzf0009@tux063.eng.auburn.edu>[m
Date:   Fri Jan 22 23:19:53 2021 -0600[m
[m
    project 1[m
[K[?1l>bash-4.2$ exit
exit

Script done on Fri Jan 22 23:54:02 2021
