Script started on Fri Jan 22 22:43:30 2021
[?1034hbash-4.2$ cat simple.c
#include <stdio.h>
#include <math.h>

int main() {

	float A[10] = {1.0, 2.0, 3.0, 4.0, 5.0, 6.0, 7.0, 8.0, 9.0, 10.0};
   
	double average;
   
	int i;

	for (i = 0; i < 10; i++) {
   
		average += sqrt(A[i]) / 10;
      
	}
	printf("The average of the squareroots is %lf\n", average);
   
	return 0;
   
}bash-4.2$ gcc -v
Using built-in specs.
COLLECT_GCC=gcc
COLLECT_LTO_WRAPPER=/usr/libexec/gcc/x86_64-redhat-linux/4.8.5/lto-wrapper
Target: x86_64-redhat-linux
Configured with: ../configure --prefix=/usr --mandir=/usr/share/man --infodir=/usr/share/info --with-bugurl=http://bugzilla.redhat.com/bugzilla --enable-bootstrap --enable-shared --enable-threads=posix --enable-checking=release --with-system-zlib --enable-__cxa_atexit --disable-libunwind-exceptions --enable-gnu-unique-object --enable-linker-build-id --with-linker-hash-style=gnu --enable-languages=c,c++,objc,obj-c++,java,fortran,ada,go,lto --enable-plugin --enable-initfini-array --disable-libgcj --with-isl=/builddir/build/BUILD/gcc-4.8.5-20150702/obj-x86_64-redhat-linux/isl-install --with-cloog=/builddir/build/BUILD/gcc-4.8.5-20150702/obj-x86_64-redhat-linux/cloog-install --enable-gnu-indirect-function --with-tune=generic --with-arch_32=x86-64 --build=x86_64-redhat-linux
Thread model: posix
gcc version 4.8.5 20150623 (Red Hat 4.8.5-44) (GCC) 
bash-4.2$ f[Kgcc -g -lm -o simple ds[K[Ksimple.c
bash-4.2$ man ldd
man: can't set the locale; make sure $LC_* and $LANG are correct
[?1049h[?1h=LDD(1)                     Linux Programmer's Manual                    LDD(1)[m
[m
[1mNAME[0m[m
       ldd - print shared library dependencies[m
[m
[1mSYNOPSIS[0m[m
       [1mldd[0m [OPTION]... FILE...[m
[m
[1mDESCRIPTION[0m[m
       [1mldd[0m  prints  the  shared  libraries  required by each program or shared[m
       library specified on the command line.[m
[m
   [1mSecurity[0m[m
       In the usual  case,  [1mldd[0m  invokes  the  standard  dynamic  linker  (see[m
       [1mld.so[0m(8))  with the [1mLD_TRACE_LOADED_OBJECTS[0m environment variable set to[m
       1, which causes the linker to display  the  library  dependencies.   Be[m
       aware,  however,  that  in some circumstances, some versions of [1mldd[0m may[m
       attempt to obtain the dependency information by directly executing  the[m
       program.  Thus, you should [4mnever[24m employ [1mldd[0m on an untrusted executable,[m
       since this may result in the execution  of  arbitrary  code.   A  safer[m
       alternative when dealing with untrusted executables is:[m
[m
           $ objdump -p /path/to/program | grep NEEDED[m
[7m Manual page ldd(1) line 1 (press h for help or q to quit)[27m[K[K[?1l>[?1049lbash-4.2$ ldd simple
	linux-vdso.so.1 =>  (0x00007ffefafd6000)
	libm.so.6 => /lib64/libm.so.6 (0x00007fa95f8eb000)
	libc.so.6 => /lib64/libc.so.6 (0x00007fa95f51d000)
	/lib64/ld-linux-x86-64.so.2 (0x00007fa95fbed000)
bash-4.2$ ls[K[Kls -a
.	       .cshrc	 .netscape-cache  appdata	   ntuser.cmd
..	       .fm	 .openwin-init	  commands.script  simple
.Xdefaults     .gdbinit  .ssh		  cpuinfo.txt	   simple.c
.bash_history  .local	 .wastebasket	  interrupts.txt   task3report.script
.cache	       .login	 Desktop	  lspci.txt
.config        .logout	 Documents	  meminfo.txt
bash-4.2$ rm s[Kga[Kdan[Kb[K[Kb,[Kom[K[Kinit.gdbinit[C[C[C[C[C[C[C
bash-4.2$ gcc -o simple simpel.[K[K[K[Kple.c-[K -lm
bash-4.2$ ./sio[K[Kimple
The average of the squareroots is 2.246828
bash-4.2$ cat > .gn[Kdbinit
file simple  
break main
break sqrt
info registers
bash-4.2$ da[K[Kgcc -v
Using built-in specs.
COLLECT_GCC=gcc
COLLECT_LTO_WRAPPER=/usr/libexec/gcc/x86_64-redhat-linux/4.8.5/lto-wrapper
Target: x86_64-redhat-linux
Configured with: ../configure --prefix=/usr --mandir=/usr/share/man --infodir=/usr/share/info --with-bugurl=http://bugzilla.redhat.com/bugzilla --enable-bootstrap --enable-shared --enable-threads=posix --enable-checking=release --with-system-zlib --enable-__cxa_atexit --disable-libunwind-exceptions --enable-gnu-unique-object --enable-linker-build-id --with-linker-hash-style=gnu --enable-languages=c,c++,objc,obj-c++,java,fortran,ada,go,lto --enable-plugin --enable-initfini-array --disable-libgcj --with-isl=/builddir/build/BUILD/gcc-4.8.5-20150702/obj-x86_64-redhat-linux/isl-install --with-cloog=/builddir/build/BUILD/gcc-4.8.5-20150702/obj-x86_64-redhat-linux/cloog-install --enable-gnu-indirect-function --with-tune=generic --with-arch_32=x86-64 --build=x86_64-redhat-linux
Thread model: posix
gcc version 4.8.5 20150623 (Red Hat 4.8.5-44) (GCC) 
bash-4.2$ gcc -g -lm -o simpel[K[Kle som[K[Kom[K[Kimple.c
bash-4.2$ gbd[K[Kdb
[?1034hGNU gdb (GDB) Red Hat Enterprise Linux 7.6.1-120.el7
Copyright (C) 2013 Free Software Foundation, Inc.
License GPLv3+: GNU GPL version 3 or later <http://gnu.org/licenses/gpl.html>
This is free software: you are free to change and redistribute it.
There is NO WARRANTY, to the extent permitted by law.  Type "show copying"
and "show warranty" for details.
This GDB was configured as "x86_64-redhat-linux-gnu".
For bug reporting instructions, please see:
<http://www.gnu.org/software/gdb/bugs/>.
Breakpoint 1 at 0x4005a5: file simple.c, line 6.
Breakpoint 2 at 0x4004a0
/home/u1/wzf0009/.gdbinit:4: Error in sourced command file:
The program has no registers now.
(gdb) r
Starting program: /home/u1/wzf0009/simple 

Breakpoint 1, main () at simple.c:6
6		float A[10] = {1.0, 2.0, 3.0, 4.0, 5.0, 6.0, 7.0, 8.0, 9.0, 10.0};
(gdb) n
12		for (i = 0; i < 10; i++) {
(gdb) s
14			average += sqrt(A[i]) / 10;
(gdb) c
Continuing.

Breakpoint 2, __sqrt (x=1) at w_sqrt.c:27
27	  if (__builtin_expect (isless (x, 0.0), 0) && _LIB_VERSION != _IEEE_)
(gdb) quit
A debugging session is active.

	Inferior 1 [process 25612] will be killed.

Quit anyway? (y or n) y
bash-4.2$ exit
exit

Script done on Fri Jan 22 22:47:16 2021
